=== boot 2026-09-29 16:55:08 | compiz	1:0.9.14.2+25.10.20250930-0ubuntu3+unity2 libunity-core-6.0-9:amd64	7.7.1+26.04.20260306-0ubuntu3+unity12 unity	7.7.1+26.04.20260306-0ubuntu3+unity12
=== compiz 2779, deleted library mappings: 0
=== (1) regression: title drag in expo
SUMMARY expo-title stuck 0/5
  1 edge=2 ungrab-from-decorations=0 expo-removed=1 release-seen=1
  2 edge=2 ungrab-from-decorations=0 expo-removed=1 release-seen=1
  3 edge=2 ungrab-from-decorations=0 expo-removed=1 release-seen=1
  4 edge=2 ungrab-from-decorations=0 expo-removed=1 release-seen=1
  5 edge=2 ungrab-from-decorations=0 expo-removed=1 release-seen=1
=== (1b) replay of the first stuck run
run 1 orig b trace: EDGE-DOWNbutton=1 REMOVE-GRAB XUNGRABPOINTER
run 1 orig active grabs: 0 frozen: 0
run 2 orig b trace: EDGE-DOWNbutton=1 REMOVE-GRAB XUNGRABPOINTER
run 2 orig active grabs: 0 frozen: 0
run 3 orig b trace: EDGE-DOWNbutton=1 REMOVE-GRAB XUNGRABPOINTER
run 3 orig active grabs: 0 frozen: 0
run 1 noborder b trace: REMOVE-GRAB XUNGRABPOINTER
run 1 noborder active grabs: 0 frozen: 0
=== (2) expo series
SUMMARY expo-border stuck 0/3
  expo-border-1 edge=1 ungrab-from-decorations=0 expo-removed=3
  expo-border-2 edge=1 ungrab-from-decorations=0 expo-removed=3
  expo-border-3 edge=1 ungrab-from-decorations=0 expo-removed=3
SUMMARY expo-altf8-border stuck 0/3
  expo-altf8-border-1 edge=1 ungrab-from-decorations=0 expo-removed=3
  expo-altf8-border-2 edge=1 ungrab-from-decorations=0 expo-removed=3
  expo-altf8-border-3 edge=1 ungrab-from-decorations=0 expo-removed=3
SUMMARY expo-dnd-border stuck 0/3
  expo-dnd-border-1 edge=1 ungrab-from-decorations=0 expo-removed=3
  expo-dnd-border-2 edge=1 ungrab-from-decorations=0 expo-removed=3
  expo-dnd-border-3 edge=1 ungrab-from-decorations=0 expo-removed=3
