method call time=1790199523.597537 sender=:1.45 -> destination=:1.50 serial=200 path=/org/gnome/SessionManager; interface=org.gnome.SessionManager; member=Shutdown
method call time=1790199523.597549 sender=:1.50 -> destination=org.Cinnamon serial=85 path=/org/Cinnamon; interface=org.Cinnamon; member=ShowEndSessionDialog
   int32 1
method call time=1790199528.483660 sender=:1.101 -> destination=org.gnome.SessionManager serial=2 path=/org/gnome/SessionManager; interface=org.gnome.SessionManager; member=IsSessionRunning
method call time=1790199532.272808 sender=:1.103 -> destination=org.gnome.SessionManager serial=2 path=/org/gnome/SessionManager; interface=org.gnome.SessionManager; member=IsSessionRunning
method call time=1790199532.321597 sender=:1.104 -> destination=org.gnome.SessionManager serial=2 path=/org/gnome/SessionManager; interface=org.gnome.SessionManager; member=IsSessionRunning
method call time=1790199532.332736 sender=:1.105 -> destination=org.gnome.SessionManager serial=2 path=/org/gnome/SessionManager; interface=org.gnome.SessionManager; member=IsInhibited
   uint32 1
method call time=1790199532.545554 sender=:1.106 -> destination=org.gnome.SessionManager serial=2 path=/org/gnome/SessionManager; interface=org.gnome.SessionManager; member=Inhibit
   string "unity-distro-test"
   uint32 0
   string "Test inhibitor: unsaved work"
   uint32 1
signal time=1790199532.546724 sender=:1.50 -> destination=(null destination) serial=94 path=/org/gnome/SessionManager; interface=org.gnome.SessionManager; member=InhibitorAdded
   object path "/org/gnome/SessionManager/Inhibitor1"
method call time=1790199533.644775 sender=:1.107 -> destination=org.gnome.SessionManager serial=2 path=/org/gnome/SessionManager; interface=org.gnome.SessionManager; member=IsSessionRunning
method call time=1790199533.653514 sender=:1.108 -> destination=org.gnome.SessionManager serial=2 path=/org/gnome/SessionManager; interface=org.gnome.SessionManager; member=IsInhibited
   uint32 1
method call time=1790199535.814598 sender=:1.29 -> destination=:1.86 serial=55 path=/org/gnome/SessionManager/EndSessionDialog; interface=org.gnome.SessionManager.EndSessionDialog; member=Open
   uint32 2
   uint32 0
   uint32 0
   array [
   ]
signal time=1790199535.846690 sender=:1.86 -> destination=(null destination) serial=995 path=/org/gnome/SessionManager/EndSessionDialog; interface=org.gnome.SessionManager.EndSessionDialog; member=Canceled
method call time=1790199539.545948 sender=:1.110 -> destination=org.gnome.SessionManager serial=2 path=/org/gnome/SessionManager; interface=org.gnome.SessionManager; member=IsSessionRunning
method call time=1790199539.731085 sender=:1.86 -> destination=:1.50 serial=1152 path=/org/gnome/SessionManager; interface=org.gnome.SessionManager; member=RequestReboot
method call time=1790199545.344537 sender=:1.112 -> destination=org.gnome.SessionManager serial=2 path=/org/gnome/SessionManager; interface=org.gnome.SessionManager; member=IsSessionRunning
method call time=1790199555.998931 sender=:1.116 -> destination=org.gnome.SessionManager serial=2 path=/org/gnome/SessionManager; interface=org.gnome.SessionManager; member=IsSessionRunning
method call time=1790199556.058491 sender=:1.117 -> destination=org.gnome.SessionManager serial=2 path=/org/gnome/SessionManager; interface=org.gnome.SessionManager; member=IsSessionRunning
method call time=1790199556.072972 sender=:1.118 -> destination=org.gnome.SessionManager serial=2 path=/org/gnome/SessionManager; interface=org.gnome.SessionManager; member=IsInhibited
   uint32 1
method call time=1790199571.340733 sender=:1.29 -> destination=:1.86 serial=56 path=/org/gnome/SessionManager/EndSessionDialog; interface=org.gnome.SessionManager.EndSessionDialog; member=Open
   uint32 2
   uint32 0
   uint32 0
   array [
   ]
signal time=1790199571.376161 sender=:1.86 -> destination=(null destination) serial=1265 path=/org/gnome/SessionManager/EndSessionDialog; interface=org.gnome.SessionManager.EndSessionDialog; member=Canceled
signal time=1790199571.376187 sender=:1.86 -> destination=(null destination) serial=1266 path=/org/gnome/SessionManager/EndSessionDialog; interface=org.gnome.SessionManager.EndSessionDialog; member=Canceled
method call time=1790199575.084990 sender=:1.120 -> destination=org.gnome.SessionManager serial=2 path=/org/gnome/SessionManager; interface=org.gnome.SessionManager; member=IsSessionRunning
method call time=1790199575.162822 sender=:1.86 -> destination=:1.50 serial=1367 path=/org/gnome/SessionManager; interface=org.gnome.SessionManager; member=RequestReboot
