==00:00:00:00.000 8212== Memcheck, a memory error detector
==00:00:00:00.000 8212== Copyright (C) 2002-2024, and GNU GPL'd, by Julian Seward et al.
==00:00:00:00.000 8212== Using Valgrind-3.26.0 and LibVEX; rerun with -h for copyright info
==00:00:00:00.000 8212== Command: /usr/lib/unity-settings-daemon/unity-settings-daemon
==00:00:00:00.000 8212== Parent PID: 8204
==00:00:00:00.000 8212== 
==00:00:00:42.895 8212== 
==00:00:00:42.896 8212== HEAP SUMMARY:
==00:00:00:42.896 8212==     in use at exit: 3,576,504 bytes in 55,619 blocks
==00:00:00:42.896 8212==   total heap usage: 732,394 allocs, 676,775 frees, 54,851,564 bytes allocated
==00:00:00:42.896 8212== 
==00:00:00:43.128 8212== LEAK SUMMARY:
==00:00:00:43.128 8212==    definitely lost: 1,338 bytes in 24 blocks
==00:00:00:43.128 8212==    indirectly lost: 8,977 bytes in 289 blocks
==00:00:00:43.128 8212==      possibly lost: 2,152 bytes in 10 blocks
==00:00:00:43.128 8212==    still reachable: 3,386,825 bytes in 53,778 blocks
==00:00:00:43.128 8212==         suppressed: 4 bytes in 1 blocks
==00:00:00:43.128 8212== Rerun with --leak-check=full to see details of leaked memory
==00:00:00:43.128 8212== 
==00:00:00:43.128 8212== For lists of detected and suppressed errors, rerun with: -s
==00:00:00:43.128 8212== ERROR SUMMARY: 0 errors from 0 contexts (suppressed: 0 from 0)
