rmbslow#1 STUCK | rmbslow border@901,377 -> xterm 424x290+500+232 | pointer=free keyboard=free | click@200,207 reached=0 pointer=GRABBED keyboard=free | grabwin=0x42c00a90  parent= client pid 2913 /usr/bin/compiz device frozen, state 6 passive grab type 4, detail 0x0  | after recover: click@200,207 reached=2 pointer=free keyboard=free
rmbslow#2 STUCK | rmbslow border@901,377 -> xterm 436x290+500+232 | pointer=free keyboard=free | click@200,207 reached=0 pointer=GRABBED keyboard=free | grabwin=0x42c00a8f  parent= client pid 2913 /usr/bin/compiz device frozen, state 6 passive grab type 4, detail 0x0  | after recover: click@200,207 reached=2 pointer=free keyboard=free
rmbslow#3 STUCK | rmbslow border@901,377 -> xterm 436x290+500+232 | pointer=free keyboard=free | click@200,207 reached=0 pointer=GRABBED keyboard=free | grabwin=0x42c00a8f  parent= client pid 2913 /usr/bin/compiz device frozen, state 6 passive grab type 4, detail 0x0  | after recover: click@200,207 reached=2 pointer=free keyboard=free
rmbslow#4 STUCK | rmbslow border@901,377 -> xterm 436x290+500+232 | pointer=free keyboard=free | click@200,207 reached=0 pointer=GRABBED keyboard=free | grabwin=0x42c00a8f  parent= client pid 2913 /usr/bin/compiz device frozen, state 6 passive grab type 4, detail 0x0  | after recover: click@200,207 reached=2 pointer=free keyboard=free
rmbslow#5 STUCK | rmbslow border@901,377 -> xterm 436x290+500+232 | pointer=free keyboard=free | click@200,207 reached=0 pointer=GRABBED keyboard=free | grabwin=0x42c00a8f  parent= client pid 2913 /usr/bin/compiz device frozen, state 6 passive grab type 4, detail 0x0  | after recover: click@200,207 reached=2 pointer=free keyboard=free
rmbslow#6 STUCK | rmbslow border@901,377 -> xterm 436x290+500+232 | pointer=free keyboard=free | click@200,207 reached=0 pointer=GRABBED keyboard=free | grabwin=0x42c00a8f  parent= client pid 2913 /usr/bin/compiz device frozen, state 6 passive grab type 4, detail 0x0  | after recover: click@200,207 reached=2 pointer=free keyboard=free
rmbslow#7 STUCK | rmbslow border@901,377 -> xterm 448x290+500+232 | pointer=free keyboard=free | click@200,207 reached=0 pointer=GRABBED keyboard=free | grabwin=0x42c00a8f  parent= client pid 2913 /usr/bin/compiz device frozen, state 6 passive grab type 4, detail 0x0  | after recover: click@200,207 reached=2 pointer=free keyboard=free
rmbslow#8 STUCK | rmbslow border@901,377 -> xterm 436x290+500+232 | pointer=free keyboard=free | click@200,207 reached=0 pointer=GRABBED keyboard=free | grabwin=0x42c00a8f  parent= client pid 2913 /usr/bin/compiz device frozen, state 6 passive grab type 4, detail 0x0  | after recover: click@200,207 reached=2 pointer=free keyboard=free
rmbslow#9 STUCK | rmbslow border@901,377 -> xterm 436x290+500+232 | pointer=free keyboard=free | click@200,207 reached=0 pointer=GRABBED keyboard=free | grabwin=0x42c00a8f  parent= client pid 2913 /usr/bin/compiz device frozen, state 6 passive grab type 4, detail 0x0  | after recover: click@200,207 reached=2 pointer=free keyboard=free
rmbslow#10 STUCK | rmbslow border@901,377 -> xterm 436x290+500+232 | pointer=free keyboard=free | click@200,207 reached=0 pointer=GRABBED keyboard=free | grabwin=0x42c00a8f  parent= client pid 2913 /usr/bin/compiz device frozen, state 6 passive grab type 4, detail 0x0  | after recover: click@200,207 reached=2 pointer=free keyboard=free
rmb#1 STUCK | rmb border@901,377 -> xterm 436x290+500+232 | pointer=free keyboard=free | click@200,207 reached=0 pointer=GRABBED keyboard=free | grabwin=0x42c00a8f  parent= client pid 2913 /usr/bin/compiz device frozen, state 6 passive grab type 4, detail 0x0  | after recover: click@200,207 reached=2 pointer=free keyboard=free
rmb#2 STUCK | rmb border@901,377 -> xterm 436x290+500+232 | pointer=free keyboard=free | click@200,207 reached=0 pointer=GRABBED keyboard=free | grabwin=0x42c00a8f  parent= client pid 2913 /usr/bin/compiz device frozen, state 6 passive grab type 4, detail 0x0  | after recover: click@200,207 reached=2 pointer=free keyboard=free
rmb#3 STUCK | rmb border@901,377 -> xterm 436x290+500+232 | pointer=free keyboard=free | click@200,207 reached=0 pointer=GRABBED keyboard=free | grabwin=0x42c00a8f  parent= client pid 2913 /usr/bin/compiz device frozen, state 6 passive grab type 4, detail 0x0  | after recover: click@200,207 reached=2 pointer=free keyboard=free
rmb#4 ok | rmb border@901,377 -> xterm 526x290+500+232 | pointer=free keyboard=free | click@200,207 reached=2 pointer=free keyboard=free
rmb#5 STUCK | rmb border@901,377 -> xterm 436x290+500+232 | pointer=free keyboard=free | click@200,207 reached=0 pointer=GRABBED keyboard=free | grabwin=0x42c00ae1  parent= client pid 2913 /usr/bin/compiz device frozen, state 6 passive grab type 4, detail 0x0  | after recover: click@200,207 reached=2 pointer=free keyboard=free
rmb#6 STUCK | rmb border@901,377 -> xterm 436x290+500+232 | pointer=free keyboard=free | click@200,207 reached=0 pointer=GRABBED keyboard=free | grabwin=0x42c00a8f  parent= client pid 2913 /usr/bin/compiz device frozen, state 6 passive grab type 4, detail 0x0  | after recover: click@200,207 reached=2 pointer=free keyboard=free
rmb#7 ok | rmb border@901,377 -> xterm 526x290+500+232 | pointer=free keyboard=free | click@200,207 reached=2 pointer=free keyboard=free
rmb#8 STUCK | rmb border@901,377 -> xterm 436x290+500+232 | pointer=free keyboard=free | click@200,207 reached=0 pointer=GRABBED keyboard=free | grabwin=0x42c00adf  parent= client pid 2913 /usr/bin/compiz device frozen, state 6 passive grab type 4, detail 0x0  | after recover: click@200,207 reached=2 pointer=free keyboard=free
rmb#9 STUCK | rmb border@901,377 -> xterm 436x290+500+232 | pointer=free keyboard=free | click@200,207 reached=0 pointer=GRABBED keyboard=free | grabwin=0x42c00a8f  parent= client pid 2913 /usr/bin/compiz device frozen, state 6 passive grab type 4, detail 0x0  | after recover: click@200,207 reached=2 pointer=free keyboard=free
rmb#10 STUCK | rmb border@901,377 -> xterm 436x290+500+232 | pointer=free keyboard=free | click@200,207 reached=0 pointer=GRABBED keyboard=free | grabwin=0x42c00a8f  parent= client pid 2913 /usr/bin/compiz device frozen, state 6 passive grab type 4, detail 0x0  | after recover: click@200,207 reached=2 pointer=free keyboard=free
rmb2#1 STUCK | rmb2 border@901,377 -> xterm 436x290+500+232 | pointer=free keyboard=free | click@200,207 reached=0 pointer=GRABBED keyboard=free | grabwin=0x42c00a8f  parent= client pid 2913 /usr/bin/compiz device frozen, state 6 passive grab type 4, detail 0x0  | after recover: click@200,207 reached=2 pointer=free keyboard=free
rmb2#2 ok | rmb2 border@901,377 -> xterm 514x290+500+232 | pointer=free keyboard=free | click@200,207 reached=2 pointer=free keyboard=free
rmb2#3 STUCK | rmb2 border@901,377 -> xterm 436x290+500+232 | pointer=free keyboard=free | click@200,207 reached=0 pointer=GRABBED keyboard=free | grabwin=0x42c00adf  parent= client pid 2913 /usr/bin/compiz device frozen, state 6 passive grab type 4, detail 0x0  | after recover: click@200,207 reached=2 pointer=free keyboard=free
rmb2#4 STUCK | rmb2 border@901,377 -> xterm 436x290+500+232 | pointer=free keyboard=free | click@200,207 reached=0 pointer=GRABBED keyboard=free | grabwin=0x42c00a8f  parent= client pid 2913 /usr/bin/compiz device frozen, state 6 passive grab type 4, detail 0x0  | after recover: click@200,207 reached=2 pointer=free keyboard=free
rmb2#5 ok | rmb2 border@901,377 -> xterm 514x290+500+232 | pointer=free keyboard=free | click@200,207 reached=2 pointer=free keyboard=free
rmb2#6 STUCK | rmb2 border@901,377 -> xterm 436x290+500+232 | pointer=free keyboard=free | click@200,207 reached=0 pointer=GRABBED keyboard=free | grabwin=0x42c00add  parent= client pid 2913 /usr/bin/compiz device frozen, state 6 passive grab type 4, detail 0x0  | after recover: click@200,207 reached=2 pointer=free keyboard=free
rmb2#7 STUCK | rmb2 border@901,377 -> xterm 436x290+500+232 | pointer=free keyboard=free | click@200,207 reached=0 pointer=GRABBED keyboard=free | grabwin=0x42c00a8f  parent= client pid 2913 /usr/bin/compiz device frozen, state 6 passive grab type 4, detail 0x0  | after recover: click@200,207 reached=2 pointer=free keyboard=free
rmb2#8 STUCK | rmb2 border@901,377 -> xterm 436x290+500+232 | pointer=free keyboard=free | click@200,207 reached=0 pointer=GRABBED keyboard=free | grabwin=0x42c00a8f  parent= client pid 2913 /usr/bin/compiz device frozen, state 6 passive grab type 4, detail 0x0  | after recover: click@200,207 reached=2 pointer=free keyboard=free
rmb2#9 STUCK | rmb2 border@901,377 -> xterm 436x290+500+232 | pointer=free keyboard=free | click@200,207 reached=0 pointer=GRABBED keyboard=free | grabwin=0x42c00a8f  parent= client pid 2913 /usr/bin/compiz device frozen, state 6 passive grab type 4, detail 0x0  | after recover: click@200,207 reached=2 pointer=free keyboard=free
rmb2#10 STUCK | rmb2 border@901,377 -> xterm 436x290+500+232 | pointer=free keyboard=free | click@200,207 reached=0 pointer=GRABBED keyboard=free | grabwin=0x42c00a8f  parent= client pid 2913 /usr/bin/compiz device frozen, state 6 passive grab type 4, detail 0x0  | after recover: click@200,207 reached=2 pointer=free keyboard=free
wheel#1 STUCK | wheel border@901,377 -> xterm 448x290+500+232 | pointer=free keyboard=free | click@200,207 reached=0 pointer=GRABBED keyboard=free | grabwin=0x42c00a8f  parent= client pid 2913 /usr/bin/compiz device frozen, state 6 passive grab type 4, detail 0x0  | after recover: click@200,207 reached=2 pointer=free keyboard=free
wheel#2 ok | wheel border@901,377 -> xterm 448x290+500+232 | pointer=free keyboard=free | click@200,207 reached=2 pointer=free keyboard=free
wheel#3 STUCK | wheel border@901,377 -> xterm 448x290+500+232 | pointer=free keyboard=free | click@200,207 reached=0 pointer=GRABBED keyboard=free | grabwin=0x42c00adb  parent= client pid 2913 /usr/bin/compiz device frozen, state 6 passive grab type 4, detail 0x0  | after recover: click@200,207 reached=2 pointer=free keyboard=free
wheel#4 ok | wheel border@901,377 -> xterm 448x290+500+232 | pointer=free keyboard=free | click@200,207 reached=2 pointer=free keyboard=free
wheel#5 STUCK | wheel border@901,377 -> xterm 448x290+500+232 | pointer=free keyboard=free | click@200,207 reached=0 pointer=GRABBED keyboard=free | grabwin=0x42c00add  parent= client pid 2913 /usr/bin/compiz device frozen, state 6 passive grab type 4, detail 0x0  | after recover: click@200,207 reached=2 pointer=free keyboard=free
wheel#6 STUCK | wheel border@901,377 -> xterm 448x290+500+232 | pointer=free keyboard=free | click@200,207 reached=0 pointer=GRABBED keyboard=free | grabwin=0x42c00a8f  parent= client pid 2913 /usr/bin/compiz device frozen, state 6 passive grab type 4, detail 0x0  | after recover: click@200,207 reached=2 pointer=free keyboard=free
wheel#7 ok | wheel border@901,377 -> xterm 448x290+500+232 | pointer=free keyboard=free | click@200,207 reached=2 pointer=free keyboard=free
wheel#8 STUCK | wheel border@901,377 -> xterm 448x290+500+232 | pointer=free keyboard=free | click@200,207 reached=0 pointer=GRABBED keyboard=free | grabwin=0x42c00add  parent= client pid 2913 /usr/bin/compiz device frozen, state 6 passive grab type 4, detail 0x0  | after recover: click@200,207 reached=2 pointer=free keyboard=free
wheel#9 ok | wheel border@901,377 -> xterm 448x290+500+232 | pointer=free keyboard=free | click@200,207 reached=2 pointer=free keyboard=free
wheel#10 ok | wheel border@901,377 -> xterm 448x290+500+232 | pointer=free keyboard=free | click@200,207 reached=2 pointer=free keyboard=free
mid#1 ok | mid border@901,377 -> xterm 424x290+500+232 | pointer=free keyboard=free | click@200,207 reached=2 pointer=free keyboard=free
mid#2 ok | mid border@901,377 -> xterm 424x290+500+232 | pointer=free keyboard=free | click@200,207 reached=2 pointer=free keyboard=free
mid#3 ok | mid border@901,377 -> xterm 424x290+500+232 | pointer=free keyboard=free | click@200,207 reached=2 pointer=free keyboard=free
mid#4 ok | mid border@901,377 -> xterm 424x290+500+232 | pointer=free keyboard=free | click@200,207 reached=2 pointer=free keyboard=free
mid#5 ok | mid border@901,377 -> xterm 424x290+500+232 | pointer=free keyboard=free | click@200,207 reached=2 pointer=free keyboard=free
mid#6 ok | mid border@901,377 -> xterm 424x290+500+232 | pointer=free keyboard=free | click@200,207 reached=2 pointer=free keyboard=free
mid#7 ok | mid border@901,377 -> xterm 424x290+500+232 | pointer=free keyboard=free | click@200,207 reached=2 pointer=free keyboard=free
mid#8 ok | mid border@901,377 -> xterm 424x290+500+232 | pointer=free keyboard=free | click@200,207 reached=2 pointer=free keyboard=free
mid#9 ok | mid border@901,377 -> xterm 424x290+500+232 | pointer=free keyboard=free | click@200,207 reached=2 pointer=free keyboard=free
mid#10 ok | mid border@901,377 -> xterm 424x290+500+232 | pointer=free keyboard=free | click@200,207 reached=2 pointer=free keyboard=free
plain#1 ok | plain border@901,377 -> xterm 442x290+500+232 | pointer=free keyboard=free | click@200,207 reached=2 pointer=free keyboard=free
plain#2 ok | plain border@901,377 -> xterm 442x290+500+232 | pointer=free keyboard=free | click@200,207 reached=2 pointer=free keyboard=free
plain#3 ok | plain border@901,377 -> xterm 442x290+500+232 | pointer=free keyboard=free | click@200,207 reached=2 pointer=free keyboard=free
plain#4 ok | plain border@901,377 -> xterm 442x290+500+232 | pointer=free keyboard=free | click@200,207 reached=2 pointer=free keyboard=free
plain#5 ok | plain border@901,377 -> xterm 442x290+500+232 | pointer=free keyboard=free | click@200,207 reached=2 pointer=free keyboard=free
plain#6 ok | plain border@901,377 -> xterm 442x290+500+232 | pointer=free keyboard=free | click@200,207 reached=2 pointer=free keyboard=free
plain#7 ok | plain border@901,377 -> xterm 442x290+500+232 | pointer=free keyboard=free | click@200,207 reached=2 pointer=free keyboard=free
plain#8 ok | plain border@901,377 -> xterm 442x290+500+232 | pointer=free keyboard=free | click@200,207 reached=2 pointer=free keyboard=free
plain#9 ok | plain border@901,377 -> xterm 442x290+500+232 | pointer=free keyboard=free | click@200,207 reached=2 pointer=free keyboard=free
plain#10 ok | plain border@901,377 -> xterm 442x290+500+232 | pointer=free keyboard=free | click@200,207 reached=2 pointer=free keyboard=free
