==00:00:00:00.000 8517== Memcheck, a memory error detector
==00:00:00:00.000 8517== Copyright (C) 2002-2024, and GNU GPL'd, by Julian Seward et al.
==00:00:00:00.000 8517== Using Valgrind-3.26.0 and LibVEX; rerun with -h for copyright info
==00:00:00:00.000 8517== Command: /usr/lib/unity-settings-daemon/unity-settings-daemon
==00:00:00:00.000 8517== Parent PID: 8507
==00:00:00:00.000 8517== 
==00:00:00:47.742 8517== 
==00:00:00:47.744 8517== HEAP SUMMARY:
==00:00:00:47.744 8517==     in use at exit: 3,752,817 bytes in 58,667 blocks
==00:00:00:47.744 8517==   total heap usage: 2,695,660 allocs, 2,636,993 frees, 150,253,641 bytes allocated
==00:00:00:47.744 8517== 
==00:00:00:48.084 8517== LEAK SUMMARY:
==00:00:00:48.084 8517==    definitely lost: 3,185 bytes in 52 blocks
==00:00:00:48.084 8517==    indirectly lost: 8,905 bytes in 286 blocks
==00:00:00:48.084 8517==      possibly lost: 3,704 bytes in 14 blocks
==00:00:00:48.084 8517==    still reachable: 3,548,627 bytes in 56,694 blocks
==00:00:00:48.084 8517==         suppressed: 4 bytes in 1 blocks
==00:00:00:48.084 8517== Rerun with --leak-check=full to see details of leaked memory
==00:00:00:48.084 8517== 
==00:00:00:48.084 8517== For lists of detected and suppressed errors, rerun with: -s
==00:00:00:48.084 8517== ERROR SUMMARY: 0 errors from 0 contexts (suppressed: 0 from 0)
