==00:00:00:00.000 7469== Memcheck, a memory error detector
==00:00:00:00.000 7469== Copyright (C) 2002-2024, and GNU GPL'd, by Julian Seward et al.
==00:00:00:00.000 7469== Using Valgrind-3.26.0 and LibVEX; rerun with -h for copyright info
==00:00:00:00.000 7469== Command: /usr/lib/unity-settings-daemon/unity-settings-daemon
==00:00:00:00.000 7469== Parent PID: 7459
==00:00:00:00.000 7469== 
==00:00:01:12.780 7469== Invalid free() / delete / delete[] / realloc()
==00:00:01:12.780 7469==    at 0x485BB1D: free_sized (vg_replace_malloc.c:1034)
==00:00:01:12.780 7469==    by 0x511FF23: ??? (in /usr/lib/x86_64-linux-gnu/libgio-2.0.so.0.8800.0)
==00:00:01:12.780 7469==    by 0x51241E4: ??? (in /usr/lib/x86_64-linux-gnu/libgio-2.0.so.0.8800.0)
==00:00:01:12.780 7469==    by 0x510E91F: ??? (in /usr/lib/x86_64-linux-gnu/libgio-2.0.so.0.8800.0)
==00:00:01:12.780 7469==    by 0x529CC1A: ??? (in /usr/lib/x86_64-linux-gnu/libglib-2.0.so.0.8800.0)
==00:00:01:12.781 7469==    by 0x529E256: ??? (in /usr/lib/x86_64-linux-gnu/libglib-2.0.so.0.8800.0)
==00:00:01:12.781 7469==    by 0x529E5F6: g_main_loop_run (in /usr/lib/x86_64-linux-gnu/libglib-2.0.so.0.8800.0)
==00:00:01:12.781 7469==    by 0x4AF0C04: gtk_main (in /usr/lib/x86_64-linux-gnu/libgtk-3.so.0.2420.32)
==00:00:01:12.781 7469==    by 0x4005099: main (main.c:483)
==00:00:01:12.781 7469==  Address 0x8ca0850 is 0 bytes inside a block of size 24 free'd
==00:00:01:12.781 7469==    at 0x485BB1D: free_sized (vg_replace_malloc.c:1034)
==00:00:01:12.781 7469==    by 0x511FF23: ??? (in /usr/lib/x86_64-linux-gnu/libgio-2.0.so.0.8800.0)
==00:00:01:12.781 7469==    by 0x51241E4: ??? (in /usr/lib/x86_64-linux-gnu/libgio-2.0.so.0.8800.0)
==00:00:01:12.781 7469==    by 0x510E91F: ??? (in /usr/lib/x86_64-linux-gnu/libgio-2.0.so.0.8800.0)
==00:00:01:12.781 7469==    by 0x529CC1A: ??? (in /usr/lib/x86_64-linux-gnu/libglib-2.0.so.0.8800.0)
==00:00:01:12.781 7469==    by 0x529E256: ??? (in /usr/lib/x86_64-linux-gnu/libglib-2.0.so.0.8800.0)
==00:00:01:12.781 7469==    by 0x529E5F6: g_main_loop_run (in /usr/lib/x86_64-linux-gnu/libglib-2.0.so.0.8800.0)
==00:00:01:12.781 7469==    by 0x4AF0C04: gtk_main (in /usr/lib/x86_64-linux-gnu/libgtk-3.so.0.2420.32)
==00:00:01:12.781 7469==    by 0x4005099: main (main.c:483)
==00:00:01:12.781 7469==  Block was alloc'd at
==00:00:01:12.781 7469==    at 0x4858858: malloc (vg_replace_malloc.c:447)
==00:00:01:12.781 7469==    by 0x52A36F9: g_malloc (in /usr/lib/x86_64-linux-gnu/libglib-2.0.so.0.8800.0)
==00:00:01:12.781 7469==    by 0x48BAB6B: gsd_idle_monitor_init_dbus (gsd-idle-monitor.c:959)
==00:00:01:12.781 7469==    by 0x48BAB6B: gsd_idle_monitor_init_dbus (gsd-idle-monitor.c:952)
==00:00:01:12.781 7469==    by 0x4005094: main (main.c:481)
==00:00:01:12.781 7469== 
==00:00:01:29.266 7469== 
==00:00:01:29.268 7469== HEAP SUMMARY:
==00:00:01:29.268 7469==     in use at exit: 3,595,132 bytes in 56,104 blocks
==00:00:01:29.268 7469==   total heap usage: 732,485 allocs, 676,382 frees, 54,826,339 bytes allocated
==00:00:01:29.268 7469== 
==00:00:01:29.849 7469== LEAK SUMMARY:
==00:00:01:29.849 7469==    definitely lost: 1,410 bytes in 27 blocks
==00:00:01:29.849 7469==    indirectly lost: 8,905 bytes in 286 blocks
==00:00:01:29.849 7469==      possibly lost: 2,152 bytes in 10 blocks
==00:00:01:29.849 7469==    still reachable: 3,404,397 bytes in 54,251 blocks
==00:00:01:29.849 7469==         suppressed: 4 bytes in 1 blocks
==00:00:01:29.849 7469== Rerun with --leak-check=full to see details of leaked memory
==00:00:01:29.849 7469== 
==00:00:01:29.849 7469== For lists of detected and suppressed errors, rerun with: -s
==00:00:01:29.849 7469== ERROR SUMMARY: 1 errors from 1 contexts (suppressed: 0 from 0)
