==6827== Memcheck, a memory error detector
==6827== Copyright (C) 2002-2024, and GNU GPL'd, by Julian Seward et al.
==6827== Using Valgrind-3.26.0 and LibVEX; rerun with -h for copyright info
==6827== Command: /usr/lib/unity-settings-daemon/unity-settings-daemon
==6827== Parent PID: 6818
==6827== 
==6827== Invalid free() / delete / delete[] / realloc()
==6827==    at 0x485BB1D: free_sized (vg_replace_malloc.c:1034)
==6827==    by 0x511FF23: ??? (in /usr/lib/x86_64-linux-gnu/libgio-2.0.so.0.8800.0)
==6827==    by 0x51241E4: ??? (in /usr/lib/x86_64-linux-gnu/libgio-2.0.so.0.8800.0)
==6827==    by 0x510E91F: ??? (in /usr/lib/x86_64-linux-gnu/libgio-2.0.so.0.8800.0)
==6827==    by 0x529CC1A: ??? (in /usr/lib/x86_64-linux-gnu/libglib-2.0.so.0.8800.0)
==6827==    by 0x529E256: ??? (in /usr/lib/x86_64-linux-gnu/libglib-2.0.so.0.8800.0)
==6827==    by 0x529E5F6: g_main_loop_run (in /usr/lib/x86_64-linux-gnu/libglib-2.0.so.0.8800.0)
==6827==    by 0x4AF0C04: gtk_main (in /usr/lib/x86_64-linux-gnu/libgtk-3.so.0.2420.32)
==6827==    by 0x4005099: main (main.c:483)
==6827==  Address 0x8ca2d20 is 0 bytes inside a block of size 17 free'd
==6827==    at 0x485B8BF: free (vg_replace_malloc.c:990)
==6827==    by 0x52895E2: ??? (in /usr/lib/x86_64-linux-gnu/libglib-2.0.so.0.8800.0)
==6827==    by 0x5289B45: g_hash_table_insert (in /usr/lib/x86_64-linux-gnu/libglib-2.0.so.0.8800.0)
==6827==    by 0x5706783: ??? (in /usr/lib/x86_64-linux-gnu/libgnome-desktop-3.so.20.0.0)
==6827==    by 0x52A25C8: ??? (in /usr/lib/x86_64-linux-gnu/libglib-2.0.so.0.8800.0)
==6827==    by 0x52A5D07: g_markup_parse_context_parse (in /usr/lib/x86_64-linux-gnu/libglib-2.0.so.0.8800.0)
==6827==    by 0x570703D: ??? (in /usr/lib/x86_64-linux-gnu/libgnome-desktop-3.so.20.0.0)
==6827==    by 0x5707319: ??? (in /usr/lib/x86_64-linux-gnu/libgnome-desktop-3.so.20.0.0)
==6827==    by 0x57080B4: gnome_get_language_from_code (in /usr/lib/x86_64-linux-gnu/libgnome-desktop-3.so.20.0.0)
==6827==    by 0x57053C9: ??? (in /usr/lib/x86_64-linux-gnu/libgnome-desktop-3.so.20.0.0)
==6827==    by 0x5705625: ??? (in /usr/lib/x86_64-linux-gnu/libgnome-desktop-3.so.20.0.0)
==6827==    by 0x570598B: gnome_xkb_info_get_layout_info (in /usr/lib/x86_64-linux-gnu/libgnome-desktop-3.so.20.0.0)
==6827==  Block was alloc'd at
==6827==    at 0x4858858: malloc (vg_replace_malloc.c:447)
==6827==    by 0x52A36F9: g_malloc (in /usr/lib/x86_64-linux-gnu/libglib-2.0.so.0.8800.0)
==6827==    by 0x52C2509: g_strdup (in /usr/lib/x86_64-linux-gnu/libglib-2.0.so.0.8800.0)
==6827==    by 0x5706737: ??? (in /usr/lib/x86_64-linux-gnu/libgnome-desktop-3.so.20.0.0)
==6827==    by 0x52A25C8: ??? (in /usr/lib/x86_64-linux-gnu/libglib-2.0.so.0.8800.0)
==6827==    by 0x52A5D07: g_markup_parse_context_parse (in /usr/lib/x86_64-linux-gnu/libglib-2.0.so.0.8800.0)
==6827==    by 0x570703D: ??? (in /usr/lib/x86_64-linux-gnu/libgnome-desktop-3.so.20.0.0)
==6827==    by 0x5707319: ??? (in /usr/lib/x86_64-linux-gnu/libgnome-desktop-3.so.20.0.0)
==6827==    by 0x57080B4: gnome_get_language_from_code (in /usr/lib/x86_64-linux-gnu/libgnome-desktop-3.so.20.0.0)
==6827==    by 0x57053C9: ??? (in /usr/lib/x86_64-linux-gnu/libgnome-desktop-3.so.20.0.0)
==6827==    by 0x5705625: ??? (in /usr/lib/x86_64-linux-gnu/libgnome-desktop-3.so.20.0.0)
==6827==    by 0x570598B: gnome_xkb_info_get_layout_info (in /usr/lib/x86_64-linux-gnu/libgnome-desktop-3.so.20.0.0)
==6827== 
==6827== Invalid read of size 4
==6827==    at 0x48BA1AB: ??? (in /usr/lib/x86_64-linux-gnu/libunity-settings-daemon.so.1.0.0)
==6827==    by 0x57AD5DF: ??? (in /usr/lib/x86_64-linux-gnu/libgdk-3.so.0.2420.32)
==6827==    by 0x57B58A1: ??? (in /usr/lib/x86_64-linux-gnu/libgdk-3.so.0.2420.32)
==6827==    by 0x5755F1A: gdk_display_get_event (in /usr/lib/x86_64-linux-gnu/libgdk-3.so.0.2420.32)
==6827==    by 0x57B60ED: ??? (in /usr/lib/x86_64-linux-gnu/libgdk-3.so.0.2420.32)
==6827==    by 0x529CC1A: ??? (in /usr/lib/x86_64-linux-gnu/libglib-2.0.so.0.8800.0)
==6827==    by 0x529E256: ??? (in /usr/lib/x86_64-linux-gnu/libglib-2.0.so.0.8800.0)
==6827==    by 0x529E5F6: g_main_loop_run (in /usr/lib/x86_64-linux-gnu/libglib-2.0.so.0.8800.0)
==6827==    by 0x4AF0C04: gtk_main (in /usr/lib/x86_64-linux-gnu/libgtk-3.so.0.2420.32)
==6827==    by 0x4005099: main (main.c:483)
==6827==  Address 0x8ca2d28 is 8 bytes inside a block of size 17 free'd
==6827==    at 0x485B8BF: free (vg_replace_malloc.c:990)
==6827==    by 0x52895E2: ??? (in /usr/lib/x86_64-linux-gnu/libglib-2.0.so.0.8800.0)
==6827==    by 0x5289B45: g_hash_table_insert (in /usr/lib/x86_64-linux-gnu/libglib-2.0.so.0.8800.0)
==6827==    by 0x5706783: ??? (in /usr/lib/x86_64-linux-gnu/libgnome-desktop-3.so.20.0.0)
==6827==    by 0x52A25C8: ??? (in /usr/lib/x86_64-linux-gnu/libglib-2.0.so.0.8800.0)
==6827==    by 0x52A5D07: g_markup_parse_context_parse (in /usr/lib/x86_64-linux-gnu/libglib-2.0.so.0.8800.0)
==6827==    by 0x570703D: ??? (in /usr/lib/x86_64-linux-gnu/libgnome-desktop-3.so.20.0.0)
==6827==    by 0x5707319: ??? (in /usr/lib/x86_64-linux-gnu/libgnome-desktop-3.so.20.0.0)
==6827==    by 0x57080B4: gnome_get_language_from_code (in /usr/lib/x86_64-linux-gnu/libgnome-desktop-3.so.20.0.0)
==6827==    by 0x57053C9: ??? (in /usr/lib/x86_64-linux-gnu/libgnome-desktop-3.so.20.0.0)
==6827==    by 0x5705625: ??? (in /usr/lib/x86_64-linux-gnu/libgnome-desktop-3.so.20.0.0)
==6827==    by 0x570598B: gnome_xkb_info_get_layout_info (in /usr/lib/x86_64-linux-gnu/libgnome-desktop-3.so.20.0.0)
==6827==  Block was alloc'd at
==6827==    at 0x4858858: malloc (vg_replace_malloc.c:447)
==6827==    by 0x52A36F9: g_malloc (in /usr/lib/x86_64-linux-gnu/libglib-2.0.so.0.8800.0)
==6827==    by 0x52C2509: g_strdup (in /usr/lib/x86_64-linux-gnu/libglib-2.0.so.0.8800.0)
==6827==    by 0x5706737: ??? (in /usr/lib/x86_64-linux-gnu/libgnome-desktop-3.so.20.0.0)
==6827==    by 0x52A25C8: ??? (in /usr/lib/x86_64-linux-gnu/libglib-2.0.so.0.8800.0)
==6827==    by 0x52A5D07: g_markup_parse_context_parse (in /usr/lib/x86_64-linux-gnu/libglib-2.0.so.0.8800.0)
==6827==    by 0x570703D: ??? (in /usr/lib/x86_64-linux-gnu/libgnome-desktop-3.so.20.0.0)
==6827==    by 0x5707319: ??? (in /usr/lib/x86_64-linux-gnu/libgnome-desktop-3.so.20.0.0)
==6827==    by 0x57080B4: gnome_get_language_from_code (in /usr/lib/x86_64-linux-gnu/libgnome-desktop-3.so.20.0.0)
==6827==    by 0x57053C9: ??? (in /usr/lib/x86_64-linux-gnu/libgnome-desktop-3.so.20.0.0)
==6827==    by 0x5705625: ??? (in /usr/lib/x86_64-linux-gnu/libgnome-desktop-3.so.20.0.0)
==6827==    by 0x570598B: gnome_xkb_info_get_layout_info (in /usr/lib/x86_64-linux-gnu/libgnome-desktop-3.so.20.0.0)
==6827== 
==6827== Invalid read of size 4
==6827==    at 0x48BA1AB: ??? (in /usr/lib/x86_64-linux-gnu/libunity-settings-daemon.so.1.0.0)
==6827==    by 0x57AD5DF: ??? (in /usr/lib/x86_64-linux-gnu/libgdk-3.so.0.2420.32)
==6827==    by 0x57B5AAE: ??? (in /usr/lib/x86_64-linux-gnu/libgdk-3.so.0.2420.32)
==6827==    by 0x5755F1A: gdk_display_get_event (in /usr/lib/x86_64-linux-gnu/libgdk-3.so.0.2420.32)
==6827==    by 0x57B60ED: ??? (in /usr/lib/x86_64-linux-gnu/libgdk-3.so.0.2420.32)
==6827==    by 0x529CC1A: ??? (in /usr/lib/x86_64-linux-gnu/libglib-2.0.so.0.8800.0)
==6827==    by 0x529E256: ??? (in /usr/lib/x86_64-linux-gnu/libglib-2.0.so.0.8800.0)
==6827==    by 0x529E5F6: g_main_loop_run (in /usr/lib/x86_64-linux-gnu/libglib-2.0.so.0.8800.0)
==6827==    by 0x4AF0C04: gtk_main (in /usr/lib/x86_64-linux-gnu/libgtk-3.so.0.2420.32)
==6827==    by 0x4005099: main (main.c:483)
==6827==  Address 0x8ca2d28 is 8 bytes inside a block of size 17 free'd
==6827==    at 0x485B8BF: free (vg_replace_malloc.c:990)
==6827==    by 0x52895E2: ??? (in /usr/lib/x86_64-linux-gnu/libglib-2.0.so.0.8800.0)
==6827==    by 0x5289B45: g_hash_table_insert (in /usr/lib/x86_64-linux-gnu/libglib-2.0.so.0.8800.0)
==6827==    by 0x5706783: ??? (in /usr/lib/x86_64-linux-gnu/libgnome-desktop-3.so.20.0.0)
==6827==    by 0x52A25C8: ??? (in /usr/lib/x86_64-linux-gnu/libglib-2.0.so.0.8800.0)
==6827==    by 0x52A5D07: g_markup_parse_context_parse (in /usr/lib/x86_64-linux-gnu/libglib-2.0.so.0.8800.0)
==6827==    by 0x570703D: ??? (in /usr/lib/x86_64-linux-gnu/libgnome-desktop-3.so.20.0.0)
==6827==    by 0x5707319: ??? (in /usr/lib/x86_64-linux-gnu/libgnome-desktop-3.so.20.0.0)
==6827==    by 0x57080B4: gnome_get_language_from_code (in /usr/lib/x86_64-linux-gnu/libgnome-desktop-3.so.20.0.0)
==6827==    by 0x57053C9: ??? (in /usr/lib/x86_64-linux-gnu/libgnome-desktop-3.so.20.0.0)
==6827==    by 0x5705625: ??? (in /usr/lib/x86_64-linux-gnu/libgnome-desktop-3.so.20.0.0)
==6827==    by 0x570598B: gnome_xkb_info_get_layout_info (in /usr/lib/x86_64-linux-gnu/libgnome-desktop-3.so.20.0.0)
==6827==  Block was alloc'd at
==6827==    at 0x4858858: malloc (vg_replace_malloc.c:447)
==6827==    by 0x52A36F9: g_malloc (in /usr/lib/x86_64-linux-gnu/libglib-2.0.so.0.8800.0)
==6827==    by 0x52C2509: g_strdup (in /usr/lib/x86_64-linux-gnu/libglib-2.0.so.0.8800.0)
==6827==    by 0x5706737: ??? (in /usr/lib/x86_64-linux-gnu/libgnome-desktop-3.so.20.0.0)
==6827==    by 0x52A25C8: ??? (in /usr/lib/x86_64-linux-gnu/libglib-2.0.so.0.8800.0)
==6827==    by 0x52A5D07: g_markup_parse_context_parse (in /usr/lib/x86_64-linux-gnu/libglib-2.0.so.0.8800.0)
==6827==    by 0x570703D: ??? (in /usr/lib/x86_64-linux-gnu/libgnome-desktop-3.so.20.0.0)
==6827==    by 0x5707319: ??? (in /usr/lib/x86_64-linux-gnu/libgnome-desktop-3.so.20.0.0)
==6827==    by 0x57080B4: gnome_get_language_from_code (in /usr/lib/x86_64-linux-gnu/libgnome-desktop-3.so.20.0.0)
==6827==    by 0x57053C9: ??? (in /usr/lib/x86_64-linux-gnu/libgnome-desktop-3.so.20.0.0)
==6827==    by 0x5705625: ??? (in /usr/lib/x86_64-linux-gnu/libgnome-desktop-3.so.20.0.0)
==6827==    by 0x570598B: gnome_xkb_info_get_layout_info (in /usr/lib/x86_64-linux-gnu/libgnome-desktop-3.so.20.0.0)
==6827== 
==6827== 
==6827== HEAP SUMMARY:
==6827==     in use at exit: 3,593,365 bytes in 56,091 blocks
==6827==   total heap usage: 731,807 allocs, 675,717 frees, 54,787,712 bytes allocated
==6827== 
==6827== LEAK SUMMARY:
==6827==    definitely lost: 1,386 bytes in 26 blocks
==6827==    indirectly lost: 8,929 bytes in 287 blocks
==6827==      possibly lost: 2,600 bytes in 11 blocks
==6827==    still reachable: 3,402,710 bytes in 54,243 blocks
==6827==         suppressed: 4 bytes in 1 blocks
==6827== Rerun with --leak-check=full to see details of leaked memory
==6827== 
==6827== For lists of detected and suppressed errors, rerun with: -s
==6827== ERROR SUMMARY: 10 errors from 3 contexts (suppressed: 0 from 0)
