==00:00:00:00.000 9746== Memcheck, a memory error detector
==00:00:00:00.000 9746== Copyright (C) 2002-2024, and GNU GPL'd, by Julian Seward et al.
==00:00:00:00.000 9746== Using Valgrind-3.26.0 and LibVEX; rerun with -h for copyright info
==00:00:00:00.000 9746== Command: /usr/lib/unity-settings-daemon/unity-settings-daemon
==00:00:00:00.000 9746== Parent PID: 9736
==00:00:00:00.000 9746== 
==00:00:01:08.388 9746== 
==00:00:01:08.390 9746== HEAP SUMMARY:
==00:00:01:08.390 9746==     in use at exit: 3,601,997 bytes in 56,205 blocks
==00:00:01:08.390 9746==   total heap usage: 733,270 allocs, 677,065 frees, 54,867,809 bytes allocated
==00:00:01:08.390 9746== 
==00:00:01:08.751 9746== LEAK SUMMARY:
==00:00:01:08.751 9746==    definitely lost: 1,434 bytes in 28 blocks
==00:00:01:08.751 9746==    indirectly lost: 8,881 bytes in 285 blocks
==00:00:01:08.751 9746==      possibly lost: 2,152 bytes in 10 blocks
==00:00:01:08.751 9746==    still reachable: 3,412,238 bytes in 54,363 blocks
==00:00:01:08.751 9746==         suppressed: 4 bytes in 1 blocks
==00:00:01:08.751 9746== Rerun with --leak-check=full to see details of leaked memory
==00:00:01:08.751 9746== 
==00:00:01:08.751 9746== For lists of detected and suppressed errors, rerun with: -s
==00:00:01:08.751 9746== ERROR SUMMARY: 0 errors from 0 contexts (suppressed: 0 from 0)
