==7140== Memcheck, a memory error detector
==7140== Copyright (C) 2002-2024, and GNU GPL'd, by Julian Seward et al.
==7140== Using Valgrind-3.26.0 and LibVEX; rerun with -h for copyright info
==7140== Command: /usr/lib/unity-settings-daemon/unity-settings-daemon
==7140== Parent PID: 7131
==7140== 
==7140== Invalid read of size 4
==7140==    at 0x48BA1AB: xevent_filter (gsd-idle-monitor.c:332)
==7140==    by 0x57AD5DF: ??? (in /usr/lib/x86_64-linux-gnu/libgdk-3.so.0.2420.32)
==7140==    by 0x57B58A1: ??? (in /usr/lib/x86_64-linux-gnu/libgdk-3.so.0.2420.32)
==7140==    by 0x5755F1A: gdk_display_get_event (in /usr/lib/x86_64-linux-gnu/libgdk-3.so.0.2420.32)
==7140==    by 0x57B60ED: ??? (in /usr/lib/x86_64-linux-gnu/libgdk-3.so.0.2420.32)
==7140==    by 0x529CC1A: ??? (in /usr/lib/x86_64-linux-gnu/libglib-2.0.so.0.8800.0)
==7140==    by 0x529E256: ??? (in /usr/lib/x86_64-linux-gnu/libglib-2.0.so.0.8800.0)
==7140==    by 0x529E5F6: g_main_loop_run (in /usr/lib/x86_64-linux-gnu/libglib-2.0.so.0.8800.0)
==7140==    by 0x4AF0C04: gtk_main (in /usr/lib/x86_64-linux-gnu/libgtk-3.so.0.2420.32)
==7140==    by 0x4005099: main (main.c:483)
==7140==  Address 0x8ca4788 is 8 bytes inside a block of size 25 free'd
==7140==    at 0x485B8BF: free (vg_replace_malloc.c:990)
==7140==    by 0x53D1B6F: __dcigettext (dcigettext.c:722)
==7140==    by 0x5706DA4: ??? (in /usr/lib/x86_64-linux-gnu/libgnome-desktop-3.so.20.0.0)
==7140==    by 0x57053C9: ??? (in /usr/lib/x86_64-linux-gnu/libgnome-desktop-3.so.20.0.0)
==7140==    by 0x5705625: ??? (in /usr/lib/x86_64-linux-gnu/libgnome-desktop-3.so.20.0.0)
==7140==    by 0x570598B: gnome_xkb_info_get_layout_info (in /usr/lib/x86_64-linux-gnu/libgnome-desktop-3.so.20.0.0)
==7140==    by 0xDB828E9: apply_input_source.isra.0 (gsd-keyboard-manager.c:1352)
==7140==    by 0xDB8308B: apply_input_sources_settings (gsd-keyboard-manager.c:1737)
==7140==    by 0xDB8338F: localed_proxy_ready (gsd-keyboard-manager.c:2395)
==7140==    by 0x50B35EA: ??? (in /usr/lib/x86_64-linux-gnu/libgio-2.0.so.0.8800.0)
==7140==    by 0x50B8D8F: ??? (in /usr/lib/x86_64-linux-gnu/libgio-2.0.so.0.8800.0)
==7140==    by 0x512827F: ??? (in /usr/lib/x86_64-linux-gnu/libgio-2.0.so.0.8800.0)
==7140==  Block was alloc'd at
==7140==    at 0x4858858: malloc (vg_replace_malloc.c:447)
==7140==    by 0x53D1956: __dcigettext (dcigettext.c:621)
==7140==    by 0x5706DA4: ??? (in /usr/lib/x86_64-linux-gnu/libgnome-desktop-3.so.20.0.0)
==7140==    by 0x57053C9: ??? (in /usr/lib/x86_64-linux-gnu/libgnome-desktop-3.so.20.0.0)
==7140==    by 0x5705625: ??? (in /usr/lib/x86_64-linux-gnu/libgnome-desktop-3.so.20.0.0)
==7140==    by 0x570598B: gnome_xkb_info_get_layout_info (in /usr/lib/x86_64-linux-gnu/libgnome-desktop-3.so.20.0.0)
==7140==    by 0xDB828E9: apply_input_source.isra.0 (gsd-keyboard-manager.c:1352)
==7140==    by 0xDB8308B: apply_input_sources_settings (gsd-keyboard-manager.c:1737)
==7140==    by 0xDB8338F: localed_proxy_ready (gsd-keyboard-manager.c:2395)
==7140==    by 0x50B35EA: ??? (in /usr/lib/x86_64-linux-gnu/libgio-2.0.so.0.8800.0)
==7140==    by 0x50B8D8F: ??? (in /usr/lib/x86_64-linux-gnu/libgio-2.0.so.0.8800.0)
==7140==    by 0x512827F: ??? (in /usr/lib/x86_64-linux-gnu/libgio-2.0.so.0.8800.0)
==7140== 
==7140== Invalid read of size 4
==7140==    at 0x48BA1AB: xevent_filter (gsd-idle-monitor.c:332)
==7140==    by 0x57AD5DF: ??? (in /usr/lib/x86_64-linux-gnu/libgdk-3.so.0.2420.32)
==7140==    by 0x57B5AAE: ??? (in /usr/lib/x86_64-linux-gnu/libgdk-3.so.0.2420.32)
==7140==    by 0x5755F1A: gdk_display_get_event (in /usr/lib/x86_64-linux-gnu/libgdk-3.so.0.2420.32)
==7140==    by 0x57B60ED: ??? (in /usr/lib/x86_64-linux-gnu/libgdk-3.so.0.2420.32)
==7140==    by 0x529CC1A: ??? (in /usr/lib/x86_64-linux-gnu/libglib-2.0.so.0.8800.0)
==7140==    by 0x529E256: ??? (in /usr/lib/x86_64-linux-gnu/libglib-2.0.so.0.8800.0)
==7140==    by 0x529E5F6: g_main_loop_run (in /usr/lib/x86_64-linux-gnu/libglib-2.0.so.0.8800.0)
==7140==    by 0x4AF0C04: gtk_main (in /usr/lib/x86_64-linux-gnu/libgtk-3.so.0.2420.32)
==7140==    by 0x4005099: main (main.c:483)
==7140==  Address 0x8ca4788 is 8 bytes inside a block of size 25 free'd
==7140==    at 0x485B8BF: free (vg_replace_malloc.c:990)
==7140==    by 0x53D1B6F: __dcigettext (dcigettext.c:722)
==7140==    by 0x5706DA4: ??? (in /usr/lib/x86_64-linux-gnu/libgnome-desktop-3.so.20.0.0)
==7140==    by 0x57053C9: ??? (in /usr/lib/x86_64-linux-gnu/libgnome-desktop-3.so.20.0.0)
==7140==    by 0x5705625: ??? (in /usr/lib/x86_64-linux-gnu/libgnome-desktop-3.so.20.0.0)
==7140==    by 0x570598B: gnome_xkb_info_get_layout_info (in /usr/lib/x86_64-linux-gnu/libgnome-desktop-3.so.20.0.0)
==7140==    by 0xDB828E9: apply_input_source.isra.0 (gsd-keyboard-manager.c:1352)
==7140==    by 0xDB8308B: apply_input_sources_settings (gsd-keyboard-manager.c:1737)
==7140==    by 0xDB8338F: localed_proxy_ready (gsd-keyboard-manager.c:2395)
==7140==    by 0x50B35EA: ??? (in /usr/lib/x86_64-linux-gnu/libgio-2.0.so.0.8800.0)
==7140==    by 0x50B8D8F: ??? (in /usr/lib/x86_64-linux-gnu/libgio-2.0.so.0.8800.0)
==7140==    by 0x512827F: ??? (in /usr/lib/x86_64-linux-gnu/libgio-2.0.so.0.8800.0)
==7140==  Block was alloc'd at
==7140==    at 0x4858858: malloc (vg_replace_malloc.c:447)
==7140==    by 0x53D1956: __dcigettext (dcigettext.c:621)
==7140==    by 0x5706DA4: ??? (in /usr/lib/x86_64-linux-gnu/libgnome-desktop-3.so.20.0.0)
==7140==    by 0x57053C9: ??? (in /usr/lib/x86_64-linux-gnu/libgnome-desktop-3.so.20.0.0)
==7140==    by 0x5705625: ??? (in /usr/lib/x86_64-linux-gnu/libgnome-desktop-3.so.20.0.0)
==7140==    by 0x570598B: gnome_xkb_info_get_layout_info (in /usr/lib/x86_64-linux-gnu/libgnome-desktop-3.so.20.0.0)
==7140==    by 0xDB828E9: apply_input_source.isra.0 (gsd-keyboard-manager.c:1352)
==7140==    by 0xDB8308B: apply_input_sources_settings (gsd-keyboard-manager.c:1737)
==7140==    by 0xDB8338F: localed_proxy_ready (gsd-keyboard-manager.c:2395)
==7140==    by 0x50B35EA: ??? (in /usr/lib/x86_64-linux-gnu/libgio-2.0.so.0.8800.0)
==7140==    by 0x50B8D8F: ??? (in /usr/lib/x86_64-linux-gnu/libgio-2.0.so.0.8800.0)
==7140==    by 0x512827F: ??? (in /usr/lib/x86_64-linux-gnu/libgio-2.0.so.0.8800.0)
==7140== 
==7140== Invalid free() / delete / delete[] / realloc()
==7140==    at 0x485BB1D: free_sized (vg_replace_malloc.c:1034)
==7140==    by 0x511FF23: ??? (in /usr/lib/x86_64-linux-gnu/libgio-2.0.so.0.8800.0)
==7140==    by 0x51241E4: ??? (in /usr/lib/x86_64-linux-gnu/libgio-2.0.so.0.8800.0)
==7140==    by 0x510E91F: ??? (in /usr/lib/x86_64-linux-gnu/libgio-2.0.so.0.8800.0)
==7140==    by 0x529CC1A: ??? (in /usr/lib/x86_64-linux-gnu/libglib-2.0.so.0.8800.0)
==7140==    by 0x529E256: ??? (in /usr/lib/x86_64-linux-gnu/libglib-2.0.so.0.8800.0)
==7140==    by 0x529E5F6: g_main_loop_run (in /usr/lib/x86_64-linux-gnu/libglib-2.0.so.0.8800.0)
==7140==    by 0x4AF0C04: gtk_main (in /usr/lib/x86_64-linux-gnu/libgtk-3.so.0.2420.32)
==7140==    by 0x4005099: main (main.c:483)
==7140==  Address 0x8ca4780 is 0 bytes inside a block of size 25 free'd
==7140==    at 0x485B8BF: free (vg_replace_malloc.c:990)
==7140==    by 0x53D1B6F: __dcigettext (dcigettext.c:722)
==7140==    by 0x5706DA4: ??? (in /usr/lib/x86_64-linux-gnu/libgnome-desktop-3.so.20.0.0)
==7140==    by 0x57053C9: ??? (in /usr/lib/x86_64-linux-gnu/libgnome-desktop-3.so.20.0.0)
==7140==    by 0x5705625: ??? (in /usr/lib/x86_64-linux-gnu/libgnome-desktop-3.so.20.0.0)
==7140==    by 0x570598B: gnome_xkb_info_get_layout_info (in /usr/lib/x86_64-linux-gnu/libgnome-desktop-3.so.20.0.0)
==7140==    by 0xDB828E9: apply_input_source.isra.0 (gsd-keyboard-manager.c:1352)
==7140==    by 0xDB8308B: apply_input_sources_settings (gsd-keyboard-manager.c:1737)
==7140==    by 0xDB8338F: localed_proxy_ready (gsd-keyboard-manager.c:2395)
==7140==    by 0x50B35EA: ??? (in /usr/lib/x86_64-linux-gnu/libgio-2.0.so.0.8800.0)
==7140==    by 0x50B8D8F: ??? (in /usr/lib/x86_64-linux-gnu/libgio-2.0.so.0.8800.0)
==7140==    by 0x512827F: ??? (in /usr/lib/x86_64-linux-gnu/libgio-2.0.so.0.8800.0)
==7140==  Block was alloc'd at
==7140==    at 0x4858858: malloc (vg_replace_malloc.c:447)
==7140==    by 0x53D1956: __dcigettext (dcigettext.c:621)
==7140==    by 0x5706DA4: ??? (in /usr/lib/x86_64-linux-gnu/libgnome-desktop-3.so.20.0.0)
==7140==    by 0x57053C9: ??? (in /usr/lib/x86_64-linux-gnu/libgnome-desktop-3.so.20.0.0)
==7140==    by 0x5705625: ??? (in /usr/lib/x86_64-linux-gnu/libgnome-desktop-3.so.20.0.0)
==7140==    by 0x570598B: gnome_xkb_info_get_layout_info (in /usr/lib/x86_64-linux-gnu/libgnome-desktop-3.so.20.0.0)
==7140==    by 0xDB828E9: apply_input_source.isra.0 (gsd-keyboard-manager.c:1352)
==7140==    by 0xDB8308B: apply_input_sources_settings (gsd-keyboard-manager.c:1737)
==7140==    by 0xDB8338F: localed_proxy_ready (gsd-keyboard-manager.c:2395)
==7140==    by 0x50B35EA: ??? (in /usr/lib/x86_64-linux-gnu/libgio-2.0.so.0.8800.0)
==7140==    by 0x50B8D8F: ??? (in /usr/lib/x86_64-linux-gnu/libgio-2.0.so.0.8800.0)
==7140==    by 0x512827F: ??? (in /usr/lib/x86_64-linux-gnu/libgio-2.0.so.0.8800.0)
==7140== 
==7140== 
==7140== HEAP SUMMARY:
==7140==     in use at exit: 3,599,946 bytes in 56,165 blocks
==7140==   total heap usage: 732,013 allocs, 675,849 frees, 54,801,687 bytes allocated
==7140== 
==7140== LEAK SUMMARY:
==7140==    definitely lost: 1,482 bytes in 30 blocks
==7140==    indirectly lost: 8,833 bytes in 283 blocks
==7140==      possibly lost: 2,152 bytes in 10 blocks
==7140==    still reachable: 3,409,739 bytes in 54,318 blocks
==7140==         suppressed: 4 bytes in 1 blocks
==7140== Rerun with --leak-check=full to see details of leaked memory
==7140== 
==7140== For lists of detected and suppressed errors, rerun with: -s
==7140== ERROR SUMMARY: 10 errors from 3 contexts (suppressed: 0 from 0)
